// Jest Snapshot v1, https://goo.gl/fbAQLP

exports[`projects 1`] = `
Array [
  <style
    dangerouslySetInnerHTML={
      Object {
        "__html": ".css-1a5yo9g-MuiStack-root{display:-webkit-box;display:-webkit-flex;display:-ms-flexbox;display:flex;-webkit-flex-direction:column;-ms-flex-direction:column;flex-direction:column;padding-top:1%;}.css-1a5yo9g-MuiStack-root>:not(style):not(style){margin:0;}.css-1a5yo9g-MuiStack-root>:not(style)~:not(style){margin-top:16px;}",
      }
    }
    data-emotion="css 1a5yo9g-MuiStack-root"
  />,
  <div
    className="MuiStack-root css-1a5yo9g-MuiStack-root"
  >
    <div
      style={
        Object {
          "alignContent": "center",
          "background": "#ff6d6d",
          "borderRadius": 8,
          "height": "33%",
          "textAlign": "center",
          "transform": "none",
          "width": "50%",
        }
      }
    >
      <h1>
        My Projects
      </h1>
    </div>
    <div
      style={
        Object {
          "alignContent": "center",
          "background": "#ff6d6d",
          "borderRadius": 8,
          "height": "33%",
          "textAlign": "center",
          "transform": "none",
          "width": "50%",
        }
      }
    >
      <style
        dangerouslySetInnerHTML={
          Object {
            "__html": ".css-1veoth8-MuiCard-root{overflow:hidden;background-color:cyan;height:300;}",
          }
        }
        data-emotion="css 1veoth8-MuiCard-root"
      />
      <style
        dangerouslySetInnerHTML={
          Object {
            "__html": ".css-vqbcwq-MuiPaper-root-MuiCard-root{background-color:#fff;color:rgba(0, 0, 0, 0.87);-webkit-transition:box-shadow 300ms cubic-bezier(0.4, 0, 0.2, 1) 0ms;transition:box-shadow 300ms cubic-bezier(0.4, 0, 0.2, 1) 0ms;border-radius:4px;box-shadow:0px 2px 1px -1px rgba(0,0,0,0.2),0px 1px 1px 0px rgba(0,0,0,0.14),0px 1px 3px 0px rgba(0,0,0,0.12);overflow:hidden;background-color:cyan;height:300;}",
          }
        }
        data-emotion="css vqbcwq-MuiPaper-root-MuiCard-root"
      />
      <div
        className="MuiPaper-root MuiPaper-elevation MuiPaper-rounded MuiPaper-elevation1 MuiCard-root css-vqbcwq-MuiPaper-root-MuiCard-root"
      >
        <style
          dangerouslySetInnerHTML={
            Object {
              "__html": ".css-vfu6h6-MuiTypography-root{margin:0;font-family:\\"Roboto\\",\\"Helvetica\\",\\"Arial\\",sans-serif;font-weight:400;font-size:1rem;line-height:1.5;letter-spacing:0.00938em;margin-bottom:0.35em;color:rgba(0, 0, 0, 0.87);font-size:20px;}",
            }
          }
          data-emotion="css vfu6h6-MuiTypography-root"
        />
        <p
          className="MuiTypography-root MuiTypography-body1 MuiTypography-gutterBottom css-vfu6h6-MuiTypography-root"
        >
          Maze Game
        </p>
        <style
          dangerouslySetInnerHTML={
            Object {
              "__html": ".css-9mgopn-MuiDivider-root{margin:0;-webkit-flex-shrink:0;-ms-flex-negative:0;flex-shrink:0;border-width:0;border-style:solid;border-color:rgba(0, 0, 0, 0.12);border-bottom-width:thin;}",
            }
          }
          data-emotion="css 9mgopn-MuiDivider-root"
        />
        <hr
          className="MuiDivider-root MuiDivider-fullWidth css-9mgopn-MuiDivider-root"
        />
        <div
          className="MuiBox-root css-0"
        >
          <style
            dangerouslySetInnerHTML={
              Object {
                "__html": ".css-o69gx8-MuiCardMedia-root{display:block;-webkit-background-size:cover;background-size:cover;background-repeat:no-repeat;-webkit-background-position:center;background-position:center;width:100%;object-fit:cover;}",
              }
            }
            data-emotion="css o69gx8-MuiCardMedia-root"
          />
          <img
            alt="Project Image"
            className="MuiCardMedia-root MuiCardMedia-media MuiCardMedia-img css-o69gx8-MuiCardMedia-root"
            src=""
            style={
              Object {
                "height": "100%",
                "objectFit": "cover",
                "width": "100%",
              }
            }
          />
        </div>
      </div>
    </div>
    <div
      style={
        Object {
          "alignContent": "center",
          "background": "#ff6d6d",
          "borderRadius": 8,
          "height": "33%",
          "textAlign": "center",
          "transform": "none",
          "width": "50%",
        }
      }
    >
      <div
        className="MuiPaper-root MuiPaper-elevation MuiPaper-rounded MuiPaper-elevation1 MuiCard-root css-vqbcwq-MuiPaper-root-MuiCard-root"
      >
        <p
          className="MuiTypography-root MuiTypography-body1 MuiTypography-gutterBottom css-vfu6h6-MuiTypography-root"
        >
          Mock Trading Platform
        </p>
        <hr
          className="MuiDivider-root MuiDivider-fullWidth css-9mgopn-MuiDivider-root"
        />
        <img
          alt="Project Image"
          className="MuiCardMedia-root MuiCardMedia-media MuiCardMedia-img css-o69gx8-MuiCardMedia-root"
          src=""
          style={
            Object {
              "height": "100%",
              "objectFit": "cover",
              "width": "100%",
            }
          }
        />
      </div>
    </div>
  </div>,
]
`;
